// Jest Snapshot v1, https://goo.gl/fbAQLP

exports[`subscribe should subscribe 1`] = `
<div>
  rx-state
</div>
`;
